> Task :compileJava UP-TO-DATE
> Task :processResources UP-TO-DATE
> Task :classes UP-TO-DATE
> Task :compileTestJava UP-TO-DATE
> Task :processTestResources NO-SOURCE
> Task :testClasses UP-TO-DATE
> Task :test

.\gradlew.bat : Java HotSpot(TM) 64-Bit Server 
VM warning: Sharing is only supported for boot 
loader classes because bootstrap classpath has 
been appended
At line:1 char:1
+ .\gradlew.bat test > test_output.txt 2>&1
+ ~~~~~~~~~~~~~~~~~~~~~~~~~~~~~~~~~~~~~~~~~
    + CategoryInfo          : NotSpecified: (J 
   ava HotSpot(TM...s been appended:String) [  
  ], RemoteException
    + FullyQualifiedErrorId : NativeCommandErr 
   or
 

> Task :test

AuthControllerTest > testRegister_Success() FAILED
    java.lang.AssertionError at AuthControllerTest.java:49

2026-07-01T11:13:28.973+07:00  INFO 7096 --- [rikkei-bank] [ionShutdownHook] j.LocalContainerEntityManagerFactoryBean : Closing JPA EntityManagerFactory for persistence unit 'default'
2026-07-01T11:13:28.984+07:00  INFO 7096 --- [rikkei-bank] [ionShutdownHook] com.zaxxer.hikari.HikariDataSource       : HikariPool-1 - Shutdown initiated...
2026-07-01T11:13:29.035+07:00  INFO 7096 --- [rikkei-bank] [ionShutdownHook] com.zaxxer.hikari.HikariDataSource       : HikariPool-1 - Shutdown completed.

> Task :test

11 tests completed, 1 failed

> Task :test FAILED

FAILURE: Build failed with an exception.

* What went wrong:
Execution failed for task ':test'.
> There were failing tests. See the report at: 
file:///D:/Documents/JAVA%20WEB%20SERVICE/PTIT_
KS24_CNTT1_HOANGDINHTUNG/build/reports/tests/te
st/index.html

* Try:
> Run with --scan to get full insights from a 
Build Scan (powered by Develocity).

BUILD FAILED in 53s
4 actionable tasks: 1 executed, 3 up-to-date
